This is pdfTeX, Version 3.141592653-2.6-1.40.24 (TeX Live 2022) (preloaded format=pdflatex 2023.3.16)  15 OCT 2024 11:13
entering extended mode
 restricted \write18 enabled.
 file:line:error style messages enabled.
 %&-line parsing enabled.
**/Users/patrykkozlowski/harvard/classes/fall_2024/ph295a/hw3/hw3
(/Users/patrykkozlowski/harvard/classes/fall_2024/ph295a/hw3/hw3.tex
LaTeX2e <2021-11-15> patch level 1
L3 programming layer <2022-02-24> (/usr/local/texlive/2022/texmf-dist/tex/latex/base/article.cls
Document Class: article 2021/10/04 v1.4n Standard LaTeX document class
(/usr/local/texlive/2022/texmf-dist/tex/latex/base/size10.clo
File: size10.clo 2021/10/04 v1.4n Standard LaTeX file (size option)
)
\c@part=\count185
\c@section=\count186
\c@subsection=\count187
\c@subsubsection=\count188
\c@paragraph=\count189
\c@subparagraph=\count190
\c@figure=\count191
\c@table=\count192
\abovecaptionskip=\skip47
\belowcaptionskip=\skip48
\bibindent=\dimen138
) (/usr/local/texlive/2022/texmf-dist/tex/latex/geometry/geometry.sty
Package: geometry 2020/01/02 v5.9 Page Geometry
 (/usr/local/texlive/2022/texmf-dist/tex/latex/graphics/keyval.sty
Package: keyval 2014/10/28 v1.15 key=value parser (DPC)
\KV@toks@=\toks16
) (/usr/local/texlive/2022/texmf-dist/tex/generic/iftex/ifvtex.sty
Package: ifvtex 2019/10/25 v1.7 ifvtex legacy package. Use iftex instead.
 (/usr/local/texlive/2022/texmf-dist/tex/generic/iftex/iftex.sty
Package: iftex 2022/02/03 v1.0f TeX engine tests
))
\Gm@cnth=\count193
\Gm@cntv=\count194
\c@Gm@tempcnt=\count195
\Gm@bindingoffset=\dimen139
\Gm@wd@mp=\dimen140
\Gm@odd@mp=\dimen141
\Gm@even@mp=\dimen142
\Gm@layoutwidth=\dimen143
\Gm@layoutheight=\dimen144
\Gm@layouthoffset=\dimen145
\Gm@layoutvoffset=\dimen146
\Gm@dimlist=\toks17
) (/usr/local/texlive/2022/texmf-dist/tex/latex/amsmath/amsmath.sty
Package: amsmath 2021/10/15 v2.17l AMS math features
\@mathmargin=\skip49

For additional information on amsmath, use the `?' option.
(/usr/local/texlive/2022/texmf-dist/tex/latex/amsmath/amstext.sty
Package: amstext 2021/08/26 v2.01 AMS text
 (/usr/local/texlive/2022/texmf-dist/tex/latex/amsmath/amsgen.sty
File: amsgen.sty 1999/11/30 v2.0 generic functions
\@emptytoks=\toks18
\ex@=\dimen147
)) (/usr/local/texlive/2022/texmf-dist/tex/latex/amsmath/amsbsy.sty
Package: amsbsy 1999/11/29 v1.2d Bold Symbols
\pmbraise@=\dimen148
) (/usr/local/texlive/2022/texmf-dist/tex/latex/amsmath/amsopn.sty
Package: amsopn 2021/08/26 v2.02 operator names
)
\inf@bad=\count196
LaTeX Info: Redefining \frac on input line 234.
\uproot@=\count197
\leftroot@=\count198
LaTeX Info: Redefining \overline on input line 399.
\classnum@=\count199
\DOTSCASE@=\count266
LaTeX Info: Redefining \ldots on input line 496.
LaTeX Info: Redefining \dots on input line 499.
LaTeX Info: Redefining \cdots on input line 620.
\Mathstrutbox@=\box50
\strutbox@=\box51
\big@size=\dimen149
LaTeX Font Info:    Redeclaring font encoding OML on input line 743.
LaTeX Font Info:    Redeclaring font encoding OMS on input line 744.
\macc@depth=\count267
\c@MaxMatrixCols=\count268
\dotsspace@=\muskip16
\c@parentequation=\count269
\dspbrk@lvl=\count270
\tag@help=\toks19
\row@=\count271
\column@=\count272
\maxfields@=\count273
\andhelp@=\toks20
\eqnshift@=\dimen150
\alignsep@=\dimen151
\tagshift@=\dimen152
\tagwidth@=\dimen153
\totwidth@=\dimen154
\lineht@=\dimen155
\@envbody=\toks21
\multlinegap=\skip50
\multlinetaggap=\skip51
\mathdisplay@stack=\toks22
LaTeX Info: Redefining \[ on input line 2938.
LaTeX Info: Redefining \] on input line 2939.
) (/usr/local/texlive/2022/texmf-dist/tex/latex/amsfonts/amssymb.sty
Package: amssymb 2013/01/14 v3.01 AMS font symbols
 (/usr/local/texlive/2022/texmf-dist/tex/latex/amsfonts/amsfonts.sty
Package: amsfonts 2013/01/14 v3.01 Basic AMSFonts support
\symAMSa=\mathgroup4
\symAMSb=\mathgroup5
LaTeX Font Info:    Redeclaring math symbol \hbar on input line 98.
LaTeX Font Info:    Overwriting math alphabet `\mathfrak' in version `bold'
(Font)                  U/euf/m/n --> U/euf/b/n on input line 106.
)) (/usr/local/texlive/2022/texmf-dist/tex/latex/enumitem/enumitem.sty
Package: enumitem 2019/06/20 v3.9 Customized lists
\labelindent=\skip52
\enit@outerparindent=\dimen156
\enit@toks=\toks23
\enit@inbox=\box52
\enit@count@id=\count274
\enitdp@description=\count275
) (/usr/local/texlive/2022/texmf-dist/tex/latex/graphics/graphicx.sty
Package: graphicx 2021/09/16 v1.2d Enhanced LaTeX Graphics (DPC,SPQR)
 (/usr/local/texlive/2022/texmf-dist/tex/latex/graphics/graphics.sty
Package: graphics 2021/03/04 v1.4d Standard LaTeX Graphics (DPC,SPQR)
 (/usr/local/texlive/2022/texmf-dist/tex/latex/graphics/trig.sty
Package: trig 2021/08/11 v1.11 sin cos tan (DPC)
) (/usr/local/texlive/2022/texmf-dist/tex/latex/graphics-cfg/graphics.cfg
File: graphics.cfg 2016/06/04 v1.11 sample graphics configuration
)
Package graphics Info: Driver file: pdftex.def on input line 107.
 (/usr/local/texlive/2022/texmf-dist/tex/latex/graphics-def/pdftex.def
File: pdftex.def 2020/10/05 v1.2a Graphics/color driver for pdftex
))
\Gin@req@height=\dimen157
\Gin@req@width=\dimen158
) (/usr/local/texlive/2022/texmf-dist/tex/latex/physics/physics.sty
Package: physics 
 (/usr/local/texlive/2022/texmf-dist/tex/latex/l3packages/xparse/xparse.sty (/usr/local/texlive/2022/texmf-dist/tex/latex/l3kernel/expl3.sty
Package: expl3 2022-02-24 L3 programming layer (loader) 
 (/usr/local/texlive/2022/texmf-dist/tex/latex/l3backend/l3backend-pdftex.def
File: l3backend-pdftex.def 2022-02-07 L3 backend support: PDF output (pdfTeX)
\l__color_backend_stack_int=\count276
\l__pdf_internal_box=\box53
))
Package: xparse 2022-01-12 L3 Experimental document command parser
)) (/usr/local/texlive/2022/texmf-dist/tex/latex/hyperref/hyperref.sty
Package: hyperref 2022-02-21 v7.00n Hypertext links for LaTeX
 (/usr/local/texlive/2022/texmf-dist/tex/generic/ltxcmds/ltxcmds.sty
Package: ltxcmds 2020-05-10 v1.25 LaTeX kernel commands for general use (HO)
) (/usr/local/texlive/2022/texmf-dist/tex/generic/pdftexcmds/pdftexcmds.sty
Package: pdftexcmds 2020-06-27 v0.33 Utility functions of pdfTeX for LuaTeX (HO)
 (/usr/local/texlive/2022/texmf-dist/tex/generic/infwarerr/infwarerr.sty
Package: infwarerr 2019/12/03 v1.5 Providing info/warning/error messages (HO)
)
Package pdftexcmds Info: \pdf@primitive is available.
Package pdftexcmds Info: \pdf@ifprimitive is available.
Package pdftexcmds Info: \pdfdraftmode found.
) (/usr/local/texlive/2022/texmf-dist/tex/generic/kvsetkeys/kvsetkeys.sty
Package: kvsetkeys 2019/12/15 v1.18 Key value parser (HO)
) (/usr/local/texlive/2022/texmf-dist/tex/generic/kvdefinekeys/kvdefinekeys.sty
Package: kvdefinekeys 2019-12-19 v1.6 Define keys (HO)
) (/usr/local/texlive/2022/texmf-dist/tex/generic/pdfescape/pdfescape.sty
Package: pdfescape 2019/12/09 v1.15 Implements pdfTeX's escape features (HO)
) (/usr/local/texlive/2022/texmf-dist/tex/latex/hycolor/hycolor.sty
Package: hycolor 2020-01-27 v1.10 Color options for hyperref/bookmark (HO)
) (/usr/local/texlive/2022/texmf-dist/tex/latex/letltxmacro/letltxmacro.sty
Package: letltxmacro 2019/12/03 v1.6 Let assignment for LaTeX macros (HO)
) (/usr/local/texlive/2022/texmf-dist/tex/latex/auxhook/auxhook.sty
Package: auxhook 2019-12-17 v1.6 Hooks for auxiliary files (HO)
) (/usr/local/texlive/2022/texmf-dist/tex/latex/kvoptions/kvoptions.sty
Package: kvoptions 2020-10-07 v3.14 Key value format for package options (HO)
)
\@linkdim=\dimen159
\Hy@linkcounter=\count277
\Hy@pagecounter=\count278
 (/usr/local/texlive/2022/texmf-dist/tex/latex/hyperref/pd1enc.def
File: pd1enc.def 2022-02-21 v7.00n Hyperref: PDFDocEncoding definition (HO)
Now handling font encoding PD1 ...
... no UTF-8 mapping file for font encoding PD1
) (/usr/local/texlive/2022/texmf-dist/tex/generic/intcalc/intcalc.sty
Package: intcalc 2019/12/15 v1.3 Expandable calculations with integers (HO)
) (/usr/local/texlive/2022/texmf-dist/tex/generic/etexcmds/etexcmds.sty
Package: etexcmds 2019/12/15 v1.7 Avoid name clashes with e-TeX commands (HO)
)
\Hy@SavedSpaceFactor=\count279
 (/usr/local/texlive/2022/texmf-dist/tex/latex/hyperref/puenc.def
File: puenc.def 2022-02-21 v7.00n Hyperref: PDF Unicode definition (HO)
Now handling font encoding PU ...
... no UTF-8 mapping file for font encoding PU
)
Package hyperref Info: Hyper figures OFF on input line 4137.
Package hyperref Info: Link nesting OFF on input line 4142.
Package hyperref Info: Hyper index ON on input line 4145.
Package hyperref Info: Plain pages OFF on input line 4152.
Package hyperref Info: Backreferencing OFF on input line 4157.
Package hyperref Info: Implicit mode ON; LaTeX internals redefined.
Package hyperref Info: Bookmarks ON on input line 4390.
\c@Hy@tempcnt=\count280
 (/usr/local/texlive/2022/texmf-dist/tex/latex/url/url.sty
\Urlmuskip=\muskip17
Package: url 2013/09/16  ver 3.4  Verb mode for urls, etc.
)
LaTeX Info: Redefining \url on input line 4749.
\XeTeXLinkMargin=\dimen160
 (/usr/local/texlive/2022/texmf-dist/tex/generic/bitset/bitset.sty
Package: bitset 2019/12/09 v1.3 Handle bit-vector datatype (HO)
 (/usr/local/texlive/2022/texmf-dist/tex/generic/bigintcalc/bigintcalc.sty
Package: bigintcalc 2019/12/15 v1.5 Expandable calculations on big integers (HO)
))
\Fld@menulength=\count281
\Field@Width=\dimen161
\Fld@charsize=\dimen162
Package hyperref Info: Hyper figures OFF on input line 6027.
Package hyperref Info: Link nesting OFF on input line 6032.
Package hyperref Info: Hyper index ON on input line 6035.
Package hyperref Info: backreferencing OFF on input line 6042.
Package hyperref Info: Link coloring OFF on input line 6047.
Package hyperref Info: Link coloring with OCG OFF on input line 6052.
Package hyperref Info: PDF/A mode OFF on input line 6057.
LaTeX Info: Redefining \ref on input line 6097.
LaTeX Info: Redefining \pageref on input line 6101.
 (/usr/local/texlive/2022/texmf-dist/tex/latex/base/atbegshi-ltx.sty
Package: atbegshi-ltx 2021/01/10 v1.0c Emulation of the original atbegshi
package with kernel methods
)
\Hy@abspage=\count282
\c@Item=\count283
\c@Hfootnote=\count284
)
Package hyperref Info: Driver (autodetected): hpdftex.
 (/usr/local/texlive/2022/texmf-dist/tex/latex/hyperref/hpdftex.def
File: hpdftex.def 2022-02-21 v7.00n Hyperref driver for pdfTeX
 (/usr/local/texlive/2022/texmf-dist/tex/latex/base/atveryend-ltx.sty
Package: atveryend-ltx 2020/08/19 v1.0a Emulation of the original atveryend package
with kernel methods
)
\Fld@listcount=\count285
\c@bookmark@seq@number=\count286
 (/usr/local/texlive/2022/texmf-dist/tex/latex/rerunfilecheck/rerunfilecheck.sty
Package: rerunfilecheck 2019/12/05 v1.9 Rerun checks for auxiliary files (HO)
 (/usr/local/texlive/2022/texmf-dist/tex/generic/uniquecounter/uniquecounter.sty
Package: uniquecounter 2019/12/15 v1.4 Provide unlimited unique counter (HO)
)
Package uniquecounter Info: New unique counter `rerunfilecheck' on input line 286.
)
\Hy@SectionHShift=\skip53
) (/usr/local/texlive/2022/texmf-dist/tex/latex/pdfpages/pdfpages.sty
Package: pdfpages 2022/01/29 v0.5u Insert pages of external PDF documents (AM)
 (/usr/local/texlive/2022/texmf-dist/tex/latex/base/ifthen.sty
Package: ifthen 2020/11/24 v1.1c Standard LaTeX ifthen package (DPC)
) (/usr/local/texlive/2022/texmf-dist/tex/latex/tools/calc.sty
Package: calc 2017/05/25 v4.3 Infix arithmetic (KKT,FJ)
\calc@Acount=\count287
\calc@Bcount=\count288
\calc@Adimen=\dimen163
\calc@Bdimen=\dimen164
\calc@Askip=\skip54
\calc@Bskip=\skip55
LaTeX Info: Redefining \setlength on input line 80.
LaTeX Info: Redefining \addtolength on input line 81.
\calc@Ccount=\count289
\calc@Cskip=\skip56
) (/usr/local/texlive/2022/texmf-dist/tex/latex/eso-pic/eso-pic.sty
Package: eso-pic 2020/10/14 v3.0a eso-pic (RN)
\ESO@tempdima=\dimen165
\ESO@tempdimb=\dimen166
 (/usr/local/texlive/2022/texmf-dist/tex/latex/xcolor/xcolor.sty
Package: xcolor 2021/10/31 v2.13 LaTeX color extensions (UK)
 (/usr/local/texlive/2022/texmf-dist/tex/latex/graphics-cfg/color.cfg
File: color.cfg 2016/01/02 v1.6 sample color configuration
)
Package xcolor Info: Driver file: pdftex.def on input line 227.
Package xcolor Info: Model `cmy' substituted by `cmy0' on input line 1352.
Package xcolor Info: Model `hsb' substituted by `rgb' on input line 1356.
Package xcolor Info: Model `RGB' extended on input line 1368.
Package xcolor Info: Model `HTML' substituted by `rgb' on input line 1370.
Package xcolor Info: Model `Hsb' substituted by `hsb' on input line 1371.
Package xcolor Info: Model `tHsb' substituted by `hsb' on input line 1372.
Package xcolor Info: Model `HSB' substituted by `hsb' on input line 1373.
Package xcolor Info: Model `Gray' substituted by `gray' on input line 1374.
Package xcolor Info: Model `wave' substituted by `hsb' on input line 1375.
))
\AM@pagewidth=\dimen167
\AM@pageheight=\dimen168
\AM@fboxrule=\dimen169
 (/usr/local/texlive/2022/texmf-dist/tex/latex/pdfpages/pppdftex.def
File: pppdftex.def 2022/01/29 v0.5u Pdfpages driver for pdfTeX (AM)
)
\pdfpages@includegraphics@status=\count290
\AM@pagebox=\box54
\AM@global@opts=\toks24
\AM@pagecnt=\count291
\AM@toc@title=\toks25
\c@AM@survey=\count292
\AM@templatesizebox=\box55
) (./hw3.aux)
\openout1 = `hw3.aux'.

LaTeX Font Info:    Checking defaults for OML/cmm/m/it on input line 14.
LaTeX Font Info:    ... okay on input line 14.
LaTeX Font Info:    Checking defaults for OMS/cmsy/m/n on input line 14.
LaTeX Font Info:    ... okay on input line 14.
LaTeX Font Info:    Checking defaults for OT1/cmr/m/n on input line 14.
LaTeX Font Info:    ... okay on input line 14.
LaTeX Font Info:    Checking defaults for T1/cmr/m/n on input line 14.
LaTeX Font Info:    ... okay on input line 14.
LaTeX Font Info:    Checking defaults for TS1/cmr/m/n on input line 14.
LaTeX Font Info:    ... okay on input line 14.
LaTeX Font Info:    Checking defaults for OMX/cmex/m/n on input line 14.
LaTeX Font Info:    ... okay on input line 14.
LaTeX Font Info:    Checking defaults for U/cmr/m/n on input line 14.
LaTeX Font Info:    ... okay on input line 14.
LaTeX Font Info:    Checking defaults for PD1/pdf/m/n on input line 14.
LaTeX Font Info:    ... okay on input line 14.
LaTeX Font Info:    Checking defaults for PU/pdf/m/n on input line 14.
LaTeX Font Info:    ... okay on input line 14.

*geometry* driver: auto-detecting
*geometry* detected driver: pdftex
*geometry* verbose mode - [ preamble ] result:
* driver: pdftex
* paper: <default>
* layout: <same size as paper>
* layoutoffset:(h,v)=(0.0pt,0.0pt)
* modes: 
* h-part:(L,W,R)=(72.26999pt, 469.75502pt, 72.26999pt)
* v-part:(T,H,B)=(72.26999pt, 650.43001pt, 72.26999pt)
* \paperwidth=614.295pt
* \paperheight=794.96999pt
* \textwidth=469.75502pt
* \textheight=650.43001pt
* \oddsidemargin=0.0pt
* \evensidemargin=0.0pt
* \topmargin=-37.0pt
* \headheight=12.0pt
* \headsep=25.0pt
* \topskip=10.0pt
* \footskip=30.0pt
* \marginparwidth=65.0pt
* \marginparsep=11.0pt
* \columnsep=10.0pt
* \skip\footins=9.0pt plus 4.0pt minus 2.0pt
* \hoffset=0.0pt
* \voffset=0.0pt
* \mag=1000
* \@twocolumnfalse
* \@twosidefalse
* \@mparswitchfalse
* \@reversemarginfalse
* (1in=72.27pt=25.4mm, 1cm=28.453pt)

(/usr/local/texlive/2022/texmf-dist/tex/context/base/mkii/supp-pdf.mkii
[Loading MPS to PDF converter (version 2006.09.02).]
\scratchcounter=\count293
\scratchdimen=\dimen170
\scratchbox=\box56
\nofMPsegments=\count294
\nofMParguments=\count295
\everyMPshowfont=\toks26
\MPscratchCnt=\count296
\MPscratchDim=\dimen171
\MPnumerator=\count297
\makeMPintoPDFobject=\count298
\everyMPtoPDFconversion=\toks27
) (/usr/local/texlive/2022/texmf-dist/tex/latex/epstopdf-pkg/epstopdf-base.sty
Package: epstopdf-base 2020-01-24 v2.11 Base part for package epstopdf
Package epstopdf-base Info: Redefining graphics rule for `.eps' on input line 485.
 (/usr/local/texlive/2022/texmf-dist/tex/latex/latexconfig/epstopdf-sys.cfg
File: epstopdf-sys.cfg 2010/07/13 v1.3 Configuration of (r)epstopdf for TeX Live
))
Package hyperref Info: Link coloring OFF on input line 14.
 (/usr/local/texlive/2022/texmf-dist/tex/latex/hyperref/nameref.sty
Package: nameref 2021-04-02 v2.47 Cross-referencing by name of section
 (/usr/local/texlive/2022/texmf-dist/tex/latex/refcount/refcount.sty
Package: refcount 2019/12/15 v3.6 Data extraction from label references (HO)
) (/usr/local/texlive/2022/texmf-dist/tex/generic/gettitlestring/gettitlestring.sty
Package: gettitlestring 2019/12/15 v1.6 Cleanup title references (HO)
)
\c@section@level=\count299
)
LaTeX Info: Redefining \ref on input line 14.
LaTeX Info: Redefining \pageref on input line 14.
LaTeX Info: Redefining \nameref on input line 14.
 (./hw3.out) (./hw3.out)
\@outlinefile=\write3
\openout3 = `hw3.out'.

 (/usr/local/texlive/2022/texmf-dist/tex/latex/pdflscape/pdflscape.sty
Package: pdflscape 2019/12/05 v0.12 Display of landscape pages in PDF (HO)
 (/usr/local/texlive/2022/texmf-dist/tex/latex/graphics/lscape.sty
Package: lscape 2020/05/28 v3.02 Landscape Pages (DPC)
)
Package pdflscape Info: Auto-detected driver: pdftex on input line 81.
)
LaTeX Font Info:    Trying to load font information for U+msa on input line 20.
 (/usr/local/texlive/2022/texmf-dist/tex/latex/amsfonts/umsa.fd
File: umsa.fd 2013/01/14 v3.01 AMS symbols A
)
LaTeX Font Info:    Trying to load font information for U+msb on input line 20.
 (/usr/local/texlive/2022/texmf-dist/tex/latex/amsfonts/umsb.fd
File: umsb.fd 2013/01/14 v3.01 AMS symbols B
)
Underfull \hbox (badness 10000) in paragraph at lines 23--24

 []


Underfull \hbox (badness 10000) in paragraph at lines 25--26

 []


Underfull \hbox (badness 10000) in paragraph at lines 29--30

 []


Underfull \hbox (badness 10000) in paragraph at lines 33--34

 []

[1

{/usr/local/texlive/2022/texmf-var/fonts/map/pdftex/updmap/pdftex.map}] [2]
Underfull \hbox (badness 10000) in paragraph at lines 97--99

 []


Underfull \hbox (badness 10000) in paragraph at lines 101--102

 []


Underfull \hbox (badness 10000) in paragraph at lines 103--104

 []

[3]
Underfull \hbox (badness 10000) in paragraph at lines 157--158

 []

[4]

Package hyperref Warning: Difference (2) between bookmark levels is greater 
(hyperref)                than one, level fixed on input line 158.


Package hyperref Warning: Difference (2) between bookmark levels is greater 
(hyperref)                than one, level fixed on input line 169.

[5]
Underfull \hbox (badness 10000) in paragraph at lines 209--240

 []


Underfull \hbox (badness 10000) in paragraph at lines 261--262

 []

[6]
Underfull \hbox (badness 10000) in paragraph at lines 289--290

 []


Overfull \hbox (152.00539pt too wide) detected at line 309
\OT1/cmr/m/n/10 0 = []
 []

[7] [8]
Overfull \hbox (57.16333pt too wide) detected at line 383
[][][]\OT1/cmr/m/n/10 (\OT1/cmr/bx/n/10 k\OT1/cmr/m/n/10 ) = [] \OML/cmm/m/it/10 e[]^^M[]\OT1/cmr/m/n/10 (\OT1/cmr/bx/n/10 R\OT1/cmr/m/n/10 ) = \OML/cmm/m/it/10 e[]^^M[]\OT1/cmr/m/n/10 ([] []) + \OML/cmm/m/it/10 e[]^^M[]\OT1/cmr/m/n/10 ([] []) + \OML/cmm/m/it/10 e[]^^M[]\OT1/cmr/m/n/10 ([] [])
 []


Overfull \hbox (55.86095pt too wide) in paragraph at lines 383--385
\OT1/cmr/m/n/10 We start by com-put-ing $\OML/cmm/m/it/10 ^^M[]\OT1/cmr/m/n/10 ([] [])$. We know that $\OML/cmm/m/it/10  [] [] \OT1/cmr/m/n/10 = \OML/cmm/m/it/10 x^^^\OT1/cmr/m/n/10 (\OML/cmm/m/it/10 r\OT1/cmr/m/n/10 )$ and $\OML/cmm/m/it/10  [] [] \OT1/cmr/m/n/10 = [] \OML/cmm/m/it/10 ^^^ [] \OT1/cmr/m/n/10 =
 []


Overfull \hbox (15.52751pt too wide) in paragraph at lines 387--389
\OT1/cmr/m/n/10 Next, there is $\OML/cmm/m/it/10 ^^M[]\OT1/cmr/m/n/10 ([] [])$. We know that $\OML/cmm/m/it/10  [] [] \OT1/cmr/m/n/10 = \OML/cmm/m/it/10 x^^^\OT1/cmr/m/n/10 (\OML/cmm/m/it/10 r\OT1/cmr/m/n/10 )$ and $\OML/cmm/m/it/10  [] [] \OT1/cmr/m/n/10 = [] \OML/cmm/m/it/10 ^^^ [] \OT1/cmr/m/n/10 =
 []

[9]
Overfull \hbox (80.2499pt too wide) in paragraph at lines 391--397
\OT1/cmr/m/n/10 Next, we con-sider $\OML/cmm/m/it/10 ^^M[]\OT1/cmr/m/n/10 ([] [])$. We know that $\OML/cmm/m/it/10  [] [] \OT1/cmr/m/n/10 = \OML/cmm/m/it/10 x^^^\OT1/cmr/m/n/10 (\OML/cmm/m/it/10 r\OT1/cmr/m/n/10 )$ and $\OML/cmm/m/it/10  [] [] \OT1/cmr/m/n/10 = [] \OML/cmm/m/it/10 ^^^ [] \OT1/cmr/m/n/10 =
 []


Overfull \hbox (80.2499pt too wide) in paragraph at lines 391--397
\OT1/cmr/m/n/10 Next, we con-sider $\OML/cmm/m/it/10 ^^M[]\OT1/cmr/m/n/10 ([] [])$. We know that $\OML/cmm/m/it/10  [] [] \OT1/cmr/m/n/10 = \OML/cmm/m/it/10 x^^^\OT1/cmr/m/n/10 (\OML/cmm/m/it/10 r\OT1/cmr/m/n/10 )$ and $\OML/cmm/m/it/10  [] [] \OT1/cmr/m/n/10 = [] \OML/cmm/m/it/10 ^^^ [] \OT1/cmr/m/n/10 =
 []


Overfull \hbox (53.54291pt too wide) in paragraph at lines 391--397
\OML/cmm/m/it/10 ^^M[]\OT1/cmr/m/n/10 ([](\OML/cmm/m/it/10 y \OT1/cmr/m/n/10 + \OML/cmm/m/it/10 z\OT1/cmr/m/n/10 ))$, we have $\OML/cmm/m/it/10  [] [] \OT1/cmr/m/n/10 = \OML/cmm/m/it/10 x^^^\OT1/cmr/m/n/10 (\OML/cmm/m/it/10 r\OT1/cmr/m/n/10 )$ and $\OML/cmm/m/it/10  [] [] \OT1/cmr/m/n/10 = [] \OML/cmm/m/it/10 ^^^ [] \OT1/cmr/m/n/10 = \OML/cmm/m/it/10 x^^^ []$\OT1/cmr/m/n/10 .
 []


Underfull \hbox (badness 10000) in paragraph at lines 401--402

 []


/Users/patrykkozlowski/harvard/classes/fall_2024/ph295a/hw3/hw3.tex:420: Package pdfpages Error: Cannot find file `classes/fall_2024/ph295a/hw3/calculations.pdf'.

See the pdfpages package documentation for explanation.
Type  H <return>  for immediate help.
 ...                                              
                                                  
l.420 ...es/fall_2024/ph295a/hw3/calculations.pdf}
                                                  
This error message was generated by an \errmessage
command, so I can't give any explicit help.
Pretend that you're Hercule Poirot: Examine all clues,
and deduce the truth by order and method.


/Users/patrykkozlowski/harvard/classes/fall_2024/ph295a/hw3/hw3.tex:420: Package pdfpages Error: Cannot find file `-'.

See the pdfpages package documentation for explanation.
Type  H <return>  for immediate help.
 ...                                              
                                                  
l.420 ...es/fall_2024/ph295a/hw3/calculations.pdf}
                                                  
(That was another \errmessage.)

/Users/patrykkozlowski/harvard/classes/fall_2024/ph295a/hw3/hw3.tex:420: Undefined control sequence.
\AM@expand@range ...M@i \relax \@tempcntb =\AM@ii 
                                                  \relax \ifnum \@tempcnta <...
l.420 ...es/fall_2024/ph295a/hw3/calculations.pdf}
                                                  
The control sequence at the end of the top line
of your error message was never \def'ed. If you have
misspelled it (e.g., `\hobx'), type `I' and the correct
spelling (e.g., `I\hbox'). Otherwise just continue,
and I'll forget about whatever was undefined.

/Users/patrykkozlowski/harvard/classes/fall_2024/ph295a/hw3/hw3.tex:420: Missing number, treated as zero.
<to be read again> 
                   \relax 
l.420 ...es/fall_2024/ph295a/hw3/calculations.pdf}
                                                  
A number should have been here; I inserted `0'.
(If you can't figure out why I needed to see a number,
look up `weird error' in the index to The TeXbook.)

/Users/patrykkozlowski/harvard/classes/fall_2024/ph295a/hw3/hw3.tex:420: Undefined control sequence.
\AM@checkpagenumber #1->\ifnum #1>\AM@pagecount 
                                                \relax \ifthenelse {\boolean...
l.420 ...es/fall_2024/ph295a/hw3/calculations.pdf}
                                                  
The control sequence at the end of the top line
of your error message was never \def'ed. If you have
misspelled it (e.g., `\hobx'), type `I' and the correct
spelling (e.g., `I\hbox'). Otherwise just continue,
and I'll forget about whatever was undefined.

/Users/patrykkozlowski/harvard/classes/fall_2024/ph295a/hw3/hw3.tex:420: Missing number, treated as zero.
<to be read again> 
                   \relax 
l.420 ...es/fall_2024/ph295a/hw3/calculations.pdf}
                                                  
A number should have been here; I inserted `0'.
(If you can't figure out why I needed to see a number,
look up `weird error' in the index to The TeXbook.)


/Users/patrykkozlowski/harvard/classes/fall_2024/ph295a/hw3/hw3.tex:420: Package pdfpages Error: Page 1 of `\AM@currentdocname ' does not exist.

See the pdfpages package documentation for explanation.
Type  H <return>  for immediate help.
 ...                                              
                                                  
l.420 ...es/fall_2024/ph295a/hw3/calculations.pdf}
                                                  
You have set a wrong page number in the `pages' option. Document 
`\AM@currentdocname ' does not have 1 pages.

/Users/patrykkozlowski/harvard/classes/fall_2024/ph295a/hw3/hw3.tex:420: Undefined control sequence.
\AM@checkpagenumber #1->\ifnum #1>\AM@pagecount 
                                                \relax \ifthenelse {\boolean...
l.420 ...es/fall_2024/ph295a/hw3/calculations.pdf}
                                                  
The control sequence at the end of the top line
of your error message was never \def'ed. If you have
misspelled it (e.g., `\hobx'), type `I' and the correct
spelling (e.g., `I\hbox'). Otherwise just continue,
and I'll forget about whatever was undefined.

/Users/patrykkozlowski/harvard/classes/fall_2024/ph295a/hw3/hw3.tex:420: Missing number, treated as zero.
<to be read again> 
                   \relax 
l.420 ...es/fall_2024/ph295a/hw3/calculations.pdf}
                                                  
A number should have been here; I inserted `0'.
(If you can't figure out why I needed to see a number,
look up `weird error' in the index to The TeXbook.)

/Users/patrykkozlowski/harvard/classes/fall_2024/ph295a/hw3/hw3.tex:420: Missing endcsname inserted.
<to be read again> 
                   AM@currentdocname 
l.420 ...es/fall_2024/ph295a/hw3/calculations.pdf}
                                                  
The control sequence marked <to be read again> should
not appear between \csname and \endcsname.

/Users/patrykkozlowski/harvard/classes/fall_2024/ph295a/hw3/hw3.tex:420: Use of ??? doesn't match its definition.
<argument> ???  
                ! LaTeX3 Error: AM@currentdocname invalid in file name. Lost: .
l.420 ...es/fall_2024/ph295a/hw3/calculations.pdf}
                                                  
If you say, e.g., `\def\a1{...}', then you must always
put `1' after `\a', since control sequence names are
made up of letters only. The macro here has not been
followed by the required stuff, so I'm ignoring it.

/Users/patrykkozlowski/harvard/classes/fall_2024/ph295a/hw3/hw3.tex:420: Missing endcsname inserted.
<to be read again> 
                   AM@currentdocname 
l.420 ...es/fall_2024/ph295a/hw3/calculations.pdf}
                                                  
The control sequence marked <to be read again> should
not appear between \csname and \endcsname.

/Users/patrykkozlowski/harvard/classes/fall_2024/ph295a/hw3/hw3.tex:420: Use of ??? doesn't match its definition.
<argument> ???  
                ! LaTeX3 Error: AM@currentdocname invalid in file name. Lost: .
l.420 ...es/fall_2024/ph295a/hw3/calculations.pdf}
                                                  
If you say, e.g., `\def\a1{...}', then you must always
put `1' after `\a', since control sequence names are
made up of letters only. The macro here has not been
followed by the required stuff, so I'm ignoring it.

/Users/patrykkozlowski/harvard/classes/fall_2024/ph295a/hw3/hw3.tex:420: Missing endcsname inserted.
<to be read again> 
                   AM@currentdocname 
l.420 ...es/fall_2024/ph295a/hw3/calculations.pdf}
                                                  
The control sequence marked <to be read again> should
not appear between \csname and \endcsname.

/Users/patrykkozlowski/harvard/classes/fall_2024/ph295a/hw3/hw3.tex:420: Use of ??? doesn't match its definition.
<argument> ???  
                ! LaTeX3 Error: AM@currentdocname invalid in file name. Lost: .
l.420 ...es/fall_2024/ph295a/hw3/calculations.pdf}
                                                  
If you say, e.g., `\def\a1{...}', then you must always
put `1' after `\a', since control sequence names are
made up of letters only. The macro here has not been
followed by the required stuff, so I'm ignoring it.


/Users/patrykkozlowski/harvard/classes/fall_2024/ph295a/hw3/hw3.tex:420: LaTeX Error: File `\AM@currentdocname ' not found.

See the LaTeX manual or LaTeX Companion for explanation.
Type  H <return>  for immediate help.
 ...                                              
                                                  
l.420 ...es/fall_2024/ph295a/hw3/calculations.pdf}
                                                  
I could not locate the file with any of these extensions:
.pdf,.png,.jpg,.mps,.jpeg,.jbig2,.jb2,.PDF,.PNG,.JPG,.JPEG,.JBIG2,.JB2,.eps
Try typing  <return>  to proceed.
If that doesn't work, type  X <return>  to quit.

/Users/patrykkozlowski/harvard/classes/fall_2024/ph295a/hw3/hw3.tex:420: Arithmetic overflow.
<recently read> \calc@Acount 
                             
l.420 ...es/fall_2024/ph295a/hw3/calculations.pdf}
                                                  
I can't carry out that multiplication or division,
since the result is out of range.

/Users/patrykkozlowski/harvard/classes/fall_2024/ph295a/hw3/hw3.tex:420: Arithmetic overflow.
<recently read> \calc@Acount 
                             
l.420 ...es/fall_2024/ph295a/hw3/calculations.pdf}
                                                  
I can't carry out that multiplication or division,
since the result is out of range.

/Users/patrykkozlowski/harvard/classes/fall_2024/ph295a/hw3/hw3.tex:420: Missing endcsname inserted.
<to be read again> 
                   AM@currentdocname 
l.420 ...es/fall_2024/ph295a/hw3/calculations.pdf}
                                                  
The control sequence marked <to be read again> should
not appear between \csname and \endcsname.

/Users/patrykkozlowski/harvard/classes/fall_2024/ph295a/hw3/hw3.tex:420: Use of ??? doesn't match its definition.
<argument> ???  
                ! LaTeX3 Error: AM@currentdocname invalid in file name. Lost: .
l.420 ...es/fall_2024/ph295a/hw3/calculations.pdf}
                                                  
If you say, e.g., `\def\a1{...}', then you must always
put `1' after `\a', since control sequence names are
made up of letters only. The macro here has not been
followed by the required stuff, so I'm ignoring it.

/Users/patrykkozlowski/harvard/classes/fall_2024/ph295a/hw3/hw3.tex:420: Missing endcsname inserted.
<to be read again> 
                   AM@currentdocname 
l.420 ...es/fall_2024/ph295a/hw3/calculations.pdf}
                                                  
The control sequence marked <to be read again> should
not appear between \csname and \endcsname.

/Users/patrykkozlowski/harvard/classes/fall_2024/ph295a/hw3/hw3.tex:420: Use of ??? doesn't match its definition.
<argument> ???  
                ! LaTeX3 Error: AM@currentdocname invalid in file name. Lost: .
l.420 ...es/fall_2024/ph295a/hw3/calculations.pdf}
                                                  
If you say, e.g., `\def\a1{...}', then you must always
put `1' after `\a', since control sequence names are
made up of letters only. The macro here has not been
followed by the required stuff, so I'm ignoring it.

/Users/patrykkozlowski/harvard/classes/fall_2024/ph295a/hw3/hw3.tex:420: Missing endcsname inserted.
<to be read again> 
                   AM@currentdocname 
l.420 ...es/fall_2024/ph295a/hw3/calculations.pdf}
                                                  
The control sequence marked <to be read again> should
not appear between \csname and \endcsname.

/Users/patrykkozlowski/harvard/classes/fall_2024/ph295a/hw3/hw3.tex:420: Use of ??? doesn't match its definition.
<argument> ???  
                ! LaTeX3 Error: AM@currentdocname invalid in file name. Lost: .
l.420 ...es/fall_2024/ph295a/hw3/calculations.pdf}
                                                  
If you say, e.g., `\def\a1{...}', then you must always
put `1' after `\a', since control sequence names are
made up of letters only. The macro here has not been
followed by the required stuff, so I'm ignoring it.


/Users/patrykkozlowski/harvard/classes/fall_2024/ph295a/hw3/hw3.tex:420: LaTeX Error: File `\AM@currentdocname ' not found.

See the LaTeX manual or LaTeX Companion for explanation.
Type  H <return>  for immediate help.
 ...                                              
                                                  
l.420 ...es/fall_2024/ph295a/hw3/calculations.pdf}
                                                  
I could not locate the file with any of these extensions:
.pdf,.png,.jpg,.mps,.jpeg,.jbig2,.jb2,.PDF,.PNG,.JPG,.JPEG,.JBIG2,.JB2,.eps
Try typing  <return>  to proceed.
If that doesn't work, type  X <return>  to quit.

[10]
/Users/patrykkozlowski/harvard/classes/fall_2024/ph295a/hw3/hw3.tex:420: Missing endcsname inserted.
<to be read again> 
                   AM@currentdocname 
l.420 ...es/fall_2024/ph295a/hw3/calculations.pdf}
                                                  
The control sequence marked <to be read again> should
not appear between \csname and \endcsname.

/Users/patrykkozlowski/harvard/classes/fall_2024/ph295a/hw3/hw3.tex:420: Use of ??? doesn't match its definition.
<argument> ???  
                ! LaTeX3 Error: AM@currentdocname invalid in file name. Lost: .
l.420 ...es/fall_2024/ph295a/hw3/calculations.pdf}
                                                  
If you say, e.g., `\def\a1{...}', then you must always
put `1' after `\a', since control sequence names are
made up of letters only. The macro here has not been
followed by the required stuff, so I'm ignoring it.

/Users/patrykkozlowski/harvard/classes/fall_2024/ph295a/hw3/hw3.tex:420: Missing endcsname inserted.
<to be read again> 
                   AM@currentdocname 
l.420 ...es/fall_2024/ph295a/hw3/calculations.pdf}
                                                  
The control sequence marked <to be read again> should
not appear between \csname and \endcsname.

/Users/patrykkozlowski/harvard/classes/fall_2024/ph295a/hw3/hw3.tex:420: Use of ??? doesn't match its definition.
<argument> ???  
                ! LaTeX3 Error: AM@currentdocname invalid in file name. Lost: .
l.420 ...es/fall_2024/ph295a/hw3/calculations.pdf}
                                                  
If you say, e.g., `\def\a1{...}', then you must always
put `1' after `\a', since control sequence names are
made up of letters only. The macro here has not been
followed by the required stuff, so I'm ignoring it.

/Users/patrykkozlowski/harvard/classes/fall_2024/ph295a/hw3/hw3.tex:420: Missing endcsname inserted.
<to be read again> 
                   AM@currentdocname 
l.420 ...es/fall_2024/ph295a/hw3/calculations.pdf}
                                                  
The control sequence marked <to be read again> should
not appear between \csname and \endcsname.

/Users/patrykkozlowski/harvard/classes/fall_2024/ph295a/hw3/hw3.tex:420: Use of ??? doesn't match its definition.
<argument> ???  
                ! LaTeX3 Error: AM@currentdocname invalid in file name. Lost: .
l.420 ...es/fall_2024/ph295a/hw3/calculations.pdf}
                                                  
If you say, e.g., `\def\a1{...}', then you must always
put `1' after `\a', since control sequence names are
made up of letters only. The macro here has not been
followed by the required stuff, so I'm ignoring it.


/Users/patrykkozlowski/harvard/classes/fall_2024/ph295a/hw3/hw3.tex:420: LaTeX Error: File `\AM@currentdocname ' not found.

See the LaTeX manual or LaTeX Companion for explanation.
Type  H <return>  for immediate help.
 ...                                              
                                                  
l.420 ...es/fall_2024/ph295a/hw3/calculations.pdf}
                                                  
I could not locate the file with any of these extensions:
.pdf,.png,.jpg,.mps,.jpeg,.jbig2,.jb2,.PDF,.PNG,.JPG,.JPEG,.JBIG2,.JB2,.eps
Try typing  <return>  to proceed.
If that doesn't work, type  X <return>  to quit.

/Users/patrykkozlowski/harvard/classes/fall_2024/ph295a/hw3/hw3.tex:420: Missing endcsname inserted.
<to be read again> 
                   AM@currentdocname 
l.420 ...es/fall_2024/ph295a/hw3/calculations.pdf}
                                                  
The control sequence marked <to be read again> should
not appear between \csname and \endcsname.

/Users/patrykkozlowski/harvard/classes/fall_2024/ph295a/hw3/hw3.tex:420: Use of ??? doesn't match its definition.
<argument> ???  
                ! LaTeX3 Error: AM@currentdocname invalid in file name. Lost: .
l.420 ...es/fall_2024/ph295a/hw3/calculations.pdf}
                                                  
If you say, e.g., `\def\a1{...}', then you must always
put `1' after `\a', since control sequence names are
made up of letters only. The macro here has not been
followed by the required stuff, so I'm ignoring it.

/Users/patrykkozlowski/harvard/classes/fall_2024/ph295a/hw3/hw3.tex:420: Missing endcsname inserted.
<to be read again> 
                   AM@currentdocname 
l.420 ...es/fall_2024/ph295a/hw3/calculations.pdf}
                                                  
The control sequence marked <to be read again> should
not appear between \csname and \endcsname.

/Users/patrykkozlowski/harvard/classes/fall_2024/ph295a/hw3/hw3.tex:420: Use of ??? doesn't match its definition.
<argument> ???  
                ! LaTeX3 Error: AM@currentdocname invalid in file name. Lost: .
l.420 ...es/fall_2024/ph295a/hw3/calculations.pdf}
                                                  
If you say, e.g., `\def\a1{...}', then you must always
put `1' after `\a', since control sequence names are
made up of letters only. The macro here has not been
followed by the required stuff, so I'm ignoring it.

/Users/patrykkozlowski/harvard/classes/fall_2024/ph295a/hw3/hw3.tex:420: Missing endcsname inserted.
<to be read again> 
                   AM@currentdocname 
l.420 ...es/fall_2024/ph295a/hw3/calculations.pdf}
                                                  
The control sequence marked <to be read again> should
not appear between \csname and \endcsname.

/Users/patrykkozlowski/harvard/classes/fall_2024/ph295a/hw3/hw3.tex:420: Use of ??? doesn't match its definition.
<argument> ???  
                ! LaTeX3 Error: AM@currentdocname invalid in file name. Lost: .
l.420 ...es/fall_2024/ph295a/hw3/calculations.pdf}
                                                  
If you say, e.g., `\def\a1{...}', then you must always
put `1' after `\a', since control sequence names are
made up of letters only. The macro here has not been
followed by the required stuff, so I'm ignoring it.


/Users/patrykkozlowski/harvard/classes/fall_2024/ph295a/hw3/hw3.tex:420: LaTeX Error: File `\AM@currentdocname ' not found.

See the LaTeX manual or LaTeX Companion for explanation.
Type  H <return>  for immediate help.
 ...                                              
                                                  
l.420 ...es/fall_2024/ph295a/hw3/calculations.pdf}
                                                  
I could not locate the file with any of these extensions:
.pdf,.png,.jpg,.mps,.jpeg,.jbig2,.jb2,.PDF,.PNG,.JPG,.JPEG,.JBIG2,.JB2,.eps
Try typing  <return>  to proceed.
If that doesn't work, type  X <return>  to quit.

/Users/patrykkozlowski/harvard/classes/fall_2024/ph295a/hw3/hw3.tex:420: Missing endcsname inserted.
<to be read again> 
                   AM@currentdocname 
l.420 ...es/fall_2024/ph295a/hw3/calculations.pdf}
                                                  
The control sequence marked <to be read again> should
not appear between \csname and \endcsname.

/Users/patrykkozlowski/harvard/classes/fall_2024/ph295a/hw3/hw3.tex:420: Use of ??? doesn't match its definition.
<argument> ???  
                ! LaTeX3 Error: AM@currentdocname invalid in file name. Lost: .
l.420 ...es/fall_2024/ph295a/hw3/calculations.pdf}
                                                  
If you say, e.g., `\def\a1{...}', then you must always
put `1' after `\a', since control sequence names are
made up of letters only. The macro here has not been
followed by the required stuff, so I'm ignoring it.

/Users/patrykkozlowski/harvard/classes/fall_2024/ph295a/hw3/hw3.tex:420: Missing endcsname inserted.
<to be read again> 
                   AM@currentdocname 
l.420 ...es/fall_2024/ph295a/hw3/calculations.pdf}
                                                  
The control sequence marked <to be read again> should
not appear between \csname and \endcsname.

/Users/patrykkozlowski/harvard/classes/fall_2024/ph295a/hw3/hw3.tex:420: Use of ??? doesn't match its definition.
<argument> ???  
                ! LaTeX3 Error: AM@currentdocname invalid in file name. Lost: .
l.420 ...es/fall_2024/ph295a/hw3/calculations.pdf}
                                                  
If you say, e.g., `\def\a1{...}', then you must always
put `1' after `\a', since control sequence names are
made up of letters only. The macro here has not been
followed by the required stuff, so I'm ignoring it.

/Users/patrykkozlowski/harvard/classes/fall_2024/ph295a/hw3/hw3.tex:420: Missing endcsname inserted.
<to be read again> 
                   AM@currentdocname 
l.420 ...es/fall_2024/ph295a/hw3/calculations.pdf}
                                                  
The control sequence marked <to be read again> should
not appear between \csname and \endcsname.

/Users/patrykkozlowski/harvard/classes/fall_2024/ph295a/hw3/hw3.tex:420: Use of ??? doesn't match its definition.
<argument> ???  
                ! LaTeX3 Error: AM@currentdocname invalid in file name. Lost: .
l.420 ...es/fall_2024/ph295a/hw3/calculations.pdf}
                                                  
If you say, e.g., `\def\a1{...}', then you must always
put `1' after `\a', since control sequence names are
made up of letters only. The macro here has not been
followed by the required stuff, so I'm ignoring it.


/Users/patrykkozlowski/harvard/classes/fall_2024/ph295a/hw3/hw3.tex:420: LaTeX Error: File `\AM@currentdocname ' not found.

See the LaTeX manual or LaTeX Companion for explanation.
Type  H <return>  for immediate help.
 ...                                              
                                                  
l.420 ...es/fall_2024/ph295a/hw3/calculations.pdf}
                                                  
I could not locate the file with any of these extensions:
.pdf,.png,.jpg,.mps,.jpeg,.jbig2,.jb2,.PDF,.PNG,.JPG,.JPEG,.JBIG2,.JB2,.eps
Try typing  <return>  to proceed.
If that doesn't work, type  X <return>  to quit.

[11]
/Users/patrykkozlowski/harvard/classes/fall_2024/ph295a/hw3/hw3.tex:420: Missing endcsname inserted.
<to be read again> 
                   AM@currentdocname 
l.420 ...es/fall_2024/ph295a/hw3/calculations.pdf}
                                                  
The control sequence marked <to be read again> should
not appear between \csname and \endcsname.

/Users/patrykkozlowski/harvard/classes/fall_2024/ph295a/hw3/hw3.tex:420: Use of ??? doesn't match its definition.
<argument> ???  
                ! LaTeX3 Error: AM@currentdocname invalid in file name. Lost: .
l.420 ...es/fall_2024/ph295a/hw3/calculations.pdf}
                                                  
If you say, e.g., `\def\a1{...}', then you must always
put `1' after `\a', since control sequence names are
made up of letters only. The macro here has not been
followed by the required stuff, so I'm ignoring it.

/Users/patrykkozlowski/harvard/classes/fall_2024/ph295a/hw3/hw3.tex:420: Missing endcsname inserted.
<to be read again> 
                   AM@currentdocname 
l.420 ...es/fall_2024/ph295a/hw3/calculations.pdf}
                                                  
The control sequence marked <to be read again> should
not appear between \csname and \endcsname.

/Users/patrykkozlowski/harvard/classes/fall_2024/ph295a/hw3/hw3.tex:420: Use of ??? doesn't match its definition.
<argument> ???  
                ! LaTeX3 Error: AM@currentdocname invalid in file name. Lost: .
l.420 ...es/fall_2024/ph295a/hw3/calculations.pdf}
                                                  
If you say, e.g., `\def\a1{...}', then you must always
put `1' after `\a', since control sequence names are
made up of letters only. The macro here has not been
followed by the required stuff, so I'm ignoring it.

/Users/patrykkozlowski/harvard/classes/fall_2024/ph295a/hw3/hw3.tex:420: Missing endcsname inserted.
<to be read again> 
                   AM@currentdocname 
l.420 ...es/fall_2024/ph295a/hw3/calculations.pdf}
                                                  
The control sequence marked <to be read again> should
not appear between \csname and \endcsname.

/Users/patrykkozlowski/harvard/classes/fall_2024/ph295a/hw3/hw3.tex:420: Use of ??? doesn't match its definition.
<argument> ???  
                ! LaTeX3 Error: AM@currentdocname invalid in file name. Lost: .
l.420 ...es/fall_2024/ph295a/hw3/calculations.pdf}
                                                  
If you say, e.g., `\def\a1{...}', then you must always
put `1' after `\a', since control sequence names are
made up of letters only. The macro here has not been
followed by the required stuff, so I'm ignoring it.


/Users/patrykkozlowski/harvard/classes/fall_2024/ph295a/hw3/hw3.tex:420: LaTeX Error: File `\AM@currentdocname ' not found.

See the LaTeX manual or LaTeX Companion for explanation.
Type  H <return>  for immediate help.
 ...                                              
                                                  
l.420 ...es/fall_2024/ph295a/hw3/calculations.pdf}
                                                  
I could not locate the file with any of these extensions:
.pdf,.png,.jpg,.mps,.jpeg,.jbig2,.jb2,.PDF,.PNG,.JPG,.JPEG,.JBIG2,.JB2,.eps
Try typing  <return>  to proceed.
If that doesn't work, type  X <return>  to quit.

/Users/patrykkozlowski/harvard/classes/fall_2024/ph295a/hw3/hw3.tex:420: Missing endcsname inserted.
<to be read again> 
                   AM@currentdocname 
l.420 ...es/fall_2024/ph295a/hw3/calculations.pdf}
                                                  
The control sequence marked <to be read again> should
not appear between \csname and \endcsname.

/Users/patrykkozlowski/harvard/classes/fall_2024/ph295a/hw3/hw3.tex:420: Use of ??? doesn't match its definition.
<argument> ???  
                ! LaTeX3 Error: AM@currentdocname invalid in file name. Lost: .
l.420 ...es/fall_2024/ph295a/hw3/calculations.pdf}
                                                  
If you say, e.g., `\def\a1{...}', then you must always
put `1' after `\a', since control sequence names are
made up of letters only. The macro here has not been
followed by the required stuff, so I'm ignoring it.

/Users/patrykkozlowski/harvard/classes/fall_2024/ph295a/hw3/hw3.tex:420: Missing endcsname inserted.
<to be read again> 
                   AM@currentdocname 
l.420 ...es/fall_2024/ph295a/hw3/calculations.pdf}
                                                  
The control sequence marked <to be read again> should
not appear between \csname and \endcsname.

/Users/patrykkozlowski/harvard/classes/fall_2024/ph295a/hw3/hw3.tex:420: Use of ??? doesn't match its definition.
<argument> ???  
                ! LaTeX3 Error: AM@currentdocname invalid in file name. Lost: .
l.420 ...es/fall_2024/ph295a/hw3/calculations.pdf}
                                                  
If you say, e.g., `\def\a1{...}', then you must always
put `1' after `\a', since control sequence names are
made up of letters only. The macro here has not been
followed by the required stuff, so I'm ignoring it.

/Users/patrykkozlowski/harvard/classes/fall_2024/ph295a/hw3/hw3.tex:420: Missing endcsname inserted.
<to be read again> 
                   AM@currentdocname 
l.420 ...es/fall_2024/ph295a/hw3/calculations.pdf}
                                                  
The control sequence marked <to be read again> should
not appear between \csname and \endcsname.

/Users/patrykkozlowski/harvard/classes/fall_2024/ph295a/hw3/hw3.tex:420: Use of ??? doesn't match its definition.
<argument> ???  
                ! LaTeX3 Error: AM@currentdocname invalid in file name. Lost: .
l.420 ...es/fall_2024/ph295a/hw3/calculations.pdf}
                                                  
If you say, e.g., `\def\a1{...}', then you must always
put `1' after `\a', since control sequence names are
made up of letters only. The macro here has not been
followed by the required stuff, so I'm ignoring it.


/Users/patrykkozlowski/harvard/classes/fall_2024/ph295a/hw3/hw3.tex:420: LaTeX Error: File `\AM@currentdocname ' not found.

See the LaTeX manual or LaTeX Companion for explanation.
Type  H <return>  for immediate help.
 ...                                              
                                            